
> american-british-english-translator@2.0.0 test
> mocha --timeout 5000 --require @babel/register --recursive --exit --ui tdd tests/

node.exe : Browserslist: caniuse-lite is outdated. Please run:
At line:1 char:1
+ & "C:\Program Files\nodejs/node.exe" "C:\Program Files\nodejs/node_mo ...
+ ~~~~~~~~~~~~~~~~~~~~~~~~~~~~~~~~~~~~~~~~~~~~~~~~~~~~~~~~~~~~~~~~~~~~~
    + CategoryInfo          : NotSpecified: (Browserslist: c...ed. Please run: 
   :String) [], RemoteException
    + FullyQualifiedErrorId : NativeCommandError
 
npx browserslist@latest --update-db

Why you should do it regularly:
https://github.com/browserslist/browserslist#browsers-data-updating

  1) Uncaught error outside test suite

  0 passing (11ms)
  1 failing

  1) Uncaught error outside test suite:
     Uncaught Error: listen EADDRINUSE: address already in use :::3000
      at Server.setupListenHandle [as _listen2] (node:net:1940:16)
      at listenInCluster (node:net:1997:12)
      at Server.listen (node:net:2102:7)
      at app.listen (node_modules\express\lib\application.js:618:24)
      at Object.<anonymous> (/server.js:41:5)
      at Module._compile (node:internal/modules/cjs/loader:1761:14)
      at Module._compile (node_modules\pirates\lib\index.js:99:24)
      at node:internal/modules/cjs/loader:1893:10
      at Object.newLoader [as .js] (node_modules\pirates\lib\index.js:104:7)
      at Module.load (node:internal/modules/cjs/loader:1481:32)
      at Module._load (node:internal/modules/cjs/loader:1300:12)
      at TracingChannel.traceSync (node:diagnostics_channel:328:14)
      at wrapModuleLoad (node:internal/modules/cjs/loader:245:24)
      at Module.require (node:internal/modules/cjs/loader:1504:12)
      at require (node:internal/modules/helpers:152:16)
      at Object.<anonymous> (tests\/2_functional-tests.js:4:16)
      at Module._compile (node:internal/modules/cjs/loader:1761:14)
      at Module._compile (node_modules\pirates\lib\index.js:99:24)
      at node:internal/modules/cjs/loader:1893:10
      at Object.newLoader [as .js] (node_modules\pirates\lib\index.js:104:7)
      at Module.load (node:internal/modules/cjs/loader:1481:32)
      at Module._load (node:internal/modules/cjs/loader:1300:12)
      at TracingChannel.traceSync (node:diagnostics_channel:328:14)
      at wrapModuleLoad (node:internal/modules/cjs/loader:245:24)
      at Module.require (node:internal/modules/cjs/loader:1504:12)
      at require (node:internal/modules/helpers:152:16)
      at processTicksAndRejections (node:internal/process/task_queues:103:5)



